// Jest Snapshot v1, https://goo.gl/fbAQLP

exports[`app.js when \`createArticle()\` is called should return the correct values of the given object 1`] = `
"
      <div class=\\"article\\" title=\\"Armando\\">
        <a href=\\"https://localhost\\">
          <div class=\\"article-img\\">
            <img src=\\"https://stockpictures.io/wp-content/uploads/2020/01/image-not-found-big.png\\" />
          </div>
          <div class=\\"article-body\\">
            <h2 class=\\"article-title\\">Armando</h2>
            <p>Some random text</p>
          </div>
        </a>
      </div>
      "
`;
